../Drivers/CMSIS/Include/core_cm0plus.h:985:34:__NVIC_SystemReset	8	static,ignoring_inline_asm
../Core/Src/main.c:89:6:HAL_FDCAN_RxFifo0Callback	16	static
../Core/Src/main.c:152:5:main	72	static
../Core/Src/main.c:279:6:SystemClock_Config	96	static
../Core/Src/main.c:326:13:MX_FDCAN1_Init	40	static
../Core/Src/main.c:388:13:MX_USART1_UART_Init	8	static
../Core/Src/main.c:436:13:MX_GPIO_Init	48	static
../Core/Src/main.c:462:9:_RPM	16	static
../Core/Src/main.c:486:9:_RPM_11	16	static
../Core/Src/main.c:510:9:Wait_Tx_Timeout	24	static
../Core/Src/main.c:529:8:Wait_Rx_Timeout	24	static
../Core/Src/main.c:547:9:CAN_Protocal_detect	16	static
../Core/Src/main.c:581:6:Error_Handler	8	static,ignoring_inline_asm
